{"timestamp":"2025-07-08T20:17:29.737577","level":"info","event":"DAG bundles loaded: dags-folder","logger":"airflow.dag_processing.bundles.manager.DagBundlesManager"}
{"timestamp":"2025-07-08T20:17:29.737893","level":"info","event":"Filling up the DagBag from /opt/airflow/dags/gituser_process.py","logger":"airflow.models.dagbag.DagBag"}
{"timestamp":"2025-07-08T20:17:29.789449","level":"info","event":"Poking callable: <function user_processing.<locals>.api_status at 0xffff91ae2520>","logger":"airflow.task.operators.airflow.providers.standard.decorators.sensor.DecoratedSensorOperator"}
{"timestamp":"2025-07-08T20:17:30.290565","level":"info","event":"API status response: 400","logger":"root"}
{"timestamp":"2025-07-08T20:18:00.298320","level":"info","event":"Poking callable: <function user_processing.<locals>.api_status at 0xffff91ae2520>","logger":"airflow.task.operators.airflow.providers.standard.decorators.sensor.DecoratedSensorOperator"}
{"timestamp":"2025-07-08T20:18:00.568843","level":"info","event":"API status response: 400","logger":"root"}
{"timestamp":"2025-07-08T20:18:30.575895","level":"info","event":"Poking callable: <function user_processing.<locals>.api_status at 0xffff91ae2520>","logger":"airflow.task.operators.airflow.providers.standard.decorators.sensor.DecoratedSensorOperator"}
{"timestamp":"2025-07-08T20:18:30.864220","level":"info","event":"API status response: 400","logger":"root"}
{"timestamp":"2025-07-08T20:19:00.867469","level":"info","event":"Poking callable: <function user_processing.<locals>.api_status at 0xffff91ae2520>","logger":"airflow.task.operators.airflow.providers.standard.decorators.sensor.DecoratedSensorOperator"}
{"timestamp":"2025-07-08T20:19:01.128467","level":"info","event":"API status response: 400","logger":"root"}
{"timestamp":"2025-07-08T20:19:31.138177","level":"info","event":"Poking callable: <function user_processing.<locals>.api_status at 0xffff91ae2520>","logger":"airflow.task.operators.airflow.providers.standard.decorators.sensor.DecoratedSensorOperator"}
{"timestamp":"2025-07-08T20:19:31.412218","level":"info","event":"API status response: 400","logger":"root"}
{"timestamp":"2025-07-08T20:20:01.418778","level":"info","event":"Poking callable: <function user_processing.<locals>.api_status at 0xffff91ae2520>","logger":"airflow.task.operators.airflow.providers.standard.decorators.sensor.DecoratedSensorOperator"}
{"timestamp":"2025-07-08T20:20:01.668494","level":"info","event":"API status response: 400","logger":"root"}
{"timestamp":"2025-07-08T20:20:31.674910","level":"info","event":"Poking callable: <function user_processing.<locals>.api_status at 0xffff91ae2520>","logger":"airflow.task.operators.airflow.providers.standard.decorators.sensor.DecoratedSensorOperator"}
{"timestamp":"2025-07-08T20:20:31.941385","level":"info","event":"API status response: 400","logger":"root"}
{"timestamp":"2025-07-08T20:21:01.948194","level":"info","event":"Poking callable: <function user_processing.<locals>.api_status at 0xffff91ae2520>","logger":"airflow.task.operators.airflow.providers.standard.decorators.sensor.DecoratedSensorOperator"}
{"timestamp":"2025-07-08T20:21:02.211019","level":"info","event":"API status response: 400","logger":"root"}
{"timestamp":"2025-07-08T20:21:32.223649","level":"info","event":"Poking callable: <function user_processing.<locals>.api_status at 0xffff91ae2520>","logger":"airflow.task.operators.airflow.providers.standard.decorators.sensor.DecoratedSensorOperator"}
{"timestamp":"2025-07-08T20:21:32.508345","level":"info","event":"API status response: 400","logger":"root"}
{"timestamp":"2025-07-08T20:22:02.511535","level":"info","event":"Poking callable: <function user_processing.<locals>.api_status at 0xffff91ae2520>","logger":"airflow.task.operators.airflow.providers.standard.decorators.sensor.DecoratedSensorOperator"}
{"timestamp":"2025-07-08T20:22:02.789279","level":"info","event":"API status response: 400","logger":"root"}
{"timestamp":"2025-07-08T20:22:32.798056","level":"info","event":"Poking callable: <function user_processing.<locals>.api_status at 0xffff91ae2520>","logger":"airflow.task.operators.airflow.providers.standard.decorators.sensor.DecoratedSensorOperator"}
{"timestamp":"2025-07-08T20:22:33.058582","level":"info","event":"API status response: 400","logger":"root"}
{"timestamp":"2025-07-08T20:22:33.059238","level":"error","event":"Task failed with exception","logger":"task","error_detail":[{"exc_type":"AirflowSensorTimeout","exc_value":"Sensor has timed out; run duration of 303.27058501399006 seconds exceeds the specified timeout of 300.0.","exc_notes":[],"syntax_error":null,"is_cause":false,"frames":[{"filename":"/home/airflow/.local/lib/python3.12/site-packages/airflow/sdk/execution_time/task_runner.py","lineno":825,"name":"run"},{"filename":"/home/airflow/.local/lib/python3.12/site-packages/airflow/sdk/execution_time/task_runner.py","lineno":1088,"name":"_execute_task"},{"filename":"/home/airflow/.local/lib/python3.12/site-packages/airflow/sdk/bases/operator.py","lineno":408,"name":"wrapper"},{"filename":"/home/airflow/.local/lib/python3.12/site-packages/airflow/sdk/bases/sensor.py","lineno":243,"name":"execute"}]}]}
