{"timestamp":"2025-07-08T20:17:29.740980","level":"info","event":"DAG bundles loaded: dags-folder","logger":"airflow.dag_processing.bundles.manager.DagBundlesManager"}
{"timestamp":"2025-07-08T20:17:29.741382","level":"info","event":"Filling up the DagBag from /opt/airflow/dags/gituser_process.py","logger":"airflow.models.dagbag.DagBag"}
{"timestamp":"2025-07-08T20:17:29.794986","level":"info","event":"Poking callable: <function user_processing.<locals>.api_status at 0xffff91ae6ac0>","logger":"airflow.task.operators.airflow.providers.standard.decorators.sensor.DecoratedSensorOperator"}
{"timestamp":"2025-07-08T20:17:30.079252","level":"info","event":"API status response: 400","logger":"root"}
{"timestamp":"2025-07-08T20:18:00.088267","level":"info","event":"Poking callable: <function user_processing.<locals>.api_status at 0xffff91ae6ac0>","logger":"airflow.task.operators.airflow.providers.standard.decorators.sensor.DecoratedSensorOperator"}
{"timestamp":"2025-07-08T20:18:00.363220","level":"info","event":"API status response: 400","logger":"root"}
{"timestamp":"2025-07-08T20:18:30.373378","level":"info","event":"Poking callable: <function user_processing.<locals>.api_status at 0xffff91ae6ac0>","logger":"airflow.task.operators.airflow.providers.standard.decorators.sensor.DecoratedSensorOperator"}
{"timestamp":"2025-07-08T20:18:30.651854","level":"info","event":"API status response: 400","logger":"root"}
{"timestamp":"2025-07-08T20:19:00.657205","level":"info","event":"Poking callable: <function user_processing.<locals>.api_status at 0xffff91ae6ac0>","logger":"airflow.task.operators.airflow.providers.standard.decorators.sensor.DecoratedSensorOperator"}
{"timestamp":"2025-07-08T20:19:00.919766","level":"info","event":"API status response: 400","logger":"root"}
{"timestamp":"2025-07-08T20:19:30.926082","level":"info","event":"Poking callable: <function user_processing.<locals>.api_status at 0xffff91ae6ac0>","logger":"airflow.task.operators.airflow.providers.standard.decorators.sensor.DecoratedSensorOperator"}
{"timestamp":"2025-07-08T20:19:31.197799","level":"info","event":"API status response: 400","logger":"root"}
{"timestamp":"2025-07-08T20:20:01.200567","level":"info","event":"Poking callable: <function user_processing.<locals>.api_status at 0xffff91ae6ac0>","logger":"airflow.task.operators.airflow.providers.standard.decorators.sensor.DecoratedSensorOperator"}
{"timestamp":"2025-07-08T20:20:01.451945","level":"info","event":"API status response: 400","logger":"root"}
{"timestamp":"2025-07-08T20:20:31.463600","level":"info","event":"Poking callable: <function user_processing.<locals>.api_status at 0xffff91ae6ac0>","logger":"airflow.task.operators.airflow.providers.standard.decorators.sensor.DecoratedSensorOperator"}
{"timestamp":"2025-07-08T20:20:31.736356","level":"info","event":"API status response: 400","logger":"root"}
{"timestamp":"2025-07-08T20:21:01.742699","level":"info","event":"Poking callable: <function user_processing.<locals>.api_status at 0xffff91ae6ac0>","logger":"airflow.task.operators.airflow.providers.standard.decorators.sensor.DecoratedSensorOperator"}
{"timestamp":"2025-07-08T20:21:02.004691","level":"info","event":"API status response: 400","logger":"root"}
{"timestamp":"2025-07-08T20:21:32.016515","level":"info","event":"Poking callable: <function user_processing.<locals>.api_status at 0xffff91ae6ac0>","logger":"airflow.task.operators.airflow.providers.standard.decorators.sensor.DecoratedSensorOperator"}
{"timestamp":"2025-07-08T20:21:32.303421","level":"info","event":"API status response: 400","logger":"root"}
{"timestamp":"2025-07-08T20:22:02.308706","level":"info","event":"Poking callable: <function user_processing.<locals>.api_status at 0xffff91ae6ac0>","logger":"airflow.task.operators.airflow.providers.standard.decorators.sensor.DecoratedSensorOperator"}
{"timestamp":"2025-07-08T20:22:02.576912","level":"info","event":"API status response: 400","logger":"root"}
{"timestamp":"2025-07-08T20:22:32.583129","level":"info","event":"Poking callable: <function user_processing.<locals>.api_status at 0xffff91ae6ac0>","logger":"airflow.task.operators.airflow.providers.standard.decorators.sensor.DecoratedSensorOperator"}
{"timestamp":"2025-07-08T20:22:32.853156","level":"info","event":"API status response: 400","logger":"root"}
{"timestamp":"2025-07-08T20:22:32.854283","level":"error","event":"Task failed with exception","logger":"task","error_detail":[{"exc_type":"AirflowSensorTimeout","exc_value":"Sensor has timed out; run duration of 303.05979384700186 seconds exceeds the specified timeout of 300.0.","exc_notes":[],"syntax_error":null,"is_cause":false,"frames":[{"filename":"/home/airflow/.local/lib/python3.12/site-packages/airflow/sdk/execution_time/task_runner.py","lineno":825,"name":"run"},{"filename":"/home/airflow/.local/lib/python3.12/site-packages/airflow/sdk/execution_time/task_runner.py","lineno":1088,"name":"_execute_task"},{"filename":"/home/airflow/.local/lib/python3.12/site-packages/airflow/sdk/bases/operator.py","lineno":408,"name":"wrapper"},{"filename":"/home/airflow/.local/lib/python3.12/site-packages/airflow/sdk/bases/sensor.py","lineno":243,"name":"execute"}]}]}
